> A <- matrix(1:100, nrow=10)
> B <- matrix(1:1000, nrow=10)
> det(A)
[1] 0
> det(B)
Error in determinant.matrix(x, logarithm = TRUE, ...) : 
  'x' must be a square matrix
> solve(A)
Error in solve.default(A) : 
  Lapack routine dgesv: system is exactly singular: U[6,6] = 0
> C <- matrix(c(7,17,2,5), nrow=2)
> solve(C)
     [,1] [,2]
[1,]    5   -2
[2,]  -17    7
> C
     [,1] [,2]
[1,]    7    2
[2,]   17    5
> det(C)
[1] 1
